map "Observation" {
  nc07d18be042f3041 -> Observation.nc07d18be042f3041
  act_ohl9Rrx2_dCzlsjSCRpC_1 -> Observation.act_ohl9Rrx2_dCzlsjSCRpC_1
  msohl9Rrx2_dCzlsjSCRpC_1 -> Observation.msohl9Rrx2_dCzlsjSCRpC_1
  demo_is_happy -> Observation.demo_is_happy
  1 -> Observation.1
  0 -> Observation.0
  demo_filter -> Observation.demo_filter
  1 -> Observation.1
  0 -> Observation.0
  select_why -> Observation.select_why
  'demo.bad_p' -> Observation.'demo.bad_p'
  'demo.hungry' -> Observation.'demo.hungry'
  'demo.bored' -> Observation.'demo.bored'
  'demo.angry' -> Observation.'demo.angry'
  'opt_none' -> Observation.'opt_none'
  n123d75a78f3807a5 -> Observation.n123d75a78f3807a5
  demo_m_select_1 -> Observation.demo_m_select_1
  pSswGKVnOzA38xykHgvfB_1 -> Observation.pSswGKVnOzA38xykHgvfB_1
  n6616713ff0e51f24 -> Observation.n6616713ff0e51f24
  demo_now_eat -> Observation.demo_now_eat
  pohl9Rrx2_dCzlsjSCRpC_59 -> Observation.pohl9Rrx2_dCzlsjSCRpC_59
  nbd0a171121e22b5f -> Observation.nbd0a171121e22b5f
  demo_sorry -> Observation.demo_sorry
  demo_m_happy -> Observation.demo_m_happy
  aend_aJ8MWjX5gSV_QbW_ORv6 -> Observation.aend_aJ8MWjX5gSV_QbW_ORv6
  demo_bad_p -> Observation.demo_bad_p
  demo_hungry -> Observation.demo_hungry
  demo_bored -> Observation.demo_bored
  demo_angry -> Observation.demo_angry
  lki_fever -> Observation.lki_fever
  id_662245083608a238863c8700db1ecceebe08 -> Observation.id_662245083608a238863c8700db1ecceebe08
  demo_discuss -> Observation.demo_discuss
  pmMOQrxQqf7DwH8kXFMJP_1 -> Observation.pmMOQrxQqf7DwH8kXFMJP_1
  n4a04d5cd4145980d -> Observation.n4a04d5cd4145980d
  n7a6f42728d6eb835 -> Observation.n7a6f42728d6eb835
  demo_agree -> Observation.demo_agree
  1 -> Observation.1
  0 -> Observation.0
  demo_sorry_p2 -> Observation.demo_sorry_p2
  demo_why_p2 -> Observation.demo_why_p2
  aend_1cbbf4e688bcdb1a157cec328de96da1979b -> Observation.aend_1cbbf4e688bcdb1a157cec328de96da1979b
  demo_next_time -> Observation.demo_next_time
}
